[0.037s] Invoking command in '/home/mmazur/Prace/MecHaRo-Lab_IRB360/ws_ros2_abb/build/abb_librws': CMAKE_PREFIX_PATH=${CMAKE_PREFIX_PATH}:/opt/ros/lyrical DEBUGINFOD_URLS=https://debuginfod.ubuntu.com /usr/bin/cmake /home/mmazur/Prace/MecHaRo-Lab_IRB360/ws_ros2_abb/src/abb_librws -DCMAKE_INSTALL_PREFIX=/home/mmazur/Prace/MecHaRo-Lab_IRB360/ws_ros2_abb/install/abb_librws
[0.050s] [0mCMake Deprecation Warning at CMakeLists.txt:1 (cmake_minimum_required):
[0.050s]   Compatibility with CMake < 3.10 will be removed from a future version of
[0.051s]   CMake.
[0.051s] 
[0.051s]   Update the VERSION argument <min> value.  Or, use the <min>...<max> syntax
[0.051s]   to tell CMake that the project requires at least <min> but has been updated
[0.051s]   to work with policies introduced by <max> or earlier.
[0.051s] 
[0.051s] [0m
[0.140s] -- The CXX compiler identification is GNU 15.2.0
[0.149s] -- Detecting CXX compiler ABI info
[0.231s] -- Detecting CXX compiler ABI info - done
[0.246s] -- Check for working CXX compiler: /usr/bin/c++ - skipped
[0.246s] -- Detecting CXX compile features
[0.247s] -- Detecting CXX compile features - done
[0.255s] -- Searching for Poco library...
[0.273s] --   Found Poco!
[0.273s] -- components found: Foundation, Net, Util, XML.
[0.277s] -- Performing Test COMPILER_HAS_HIDDEN_VISIBILITY
[0.345s] -- Performing Test COMPILER_HAS_HIDDEN_VISIBILITY - Success
[0.346s] -- Performing Test COMPILER_HAS_HIDDEN_INLINE_VISIBILITY
[0.408s] -- Performing Test COMPILER_HAS_HIDDEN_INLINE_VISIBILITY - Success
[0.409s] -- Performing Test COMPILER_HAS_DEPRECATED_ATTR
[0.483s] -- Performing Test COMPILER_HAS_DEPRECATED_ATTR - Success
[0.486s] -- Configuring done (0.4s)
[0.492s] -- Generating done (0.0s)
[0.493s] -- Build files have been written to: /home/mmazur/Prace/MecHaRo-Lab_IRB360/ws_ros2_abb/build/abb_librws
