[0.030s] Invoking command in '/home/mmazur/Prace/MecHaRo-Lab_IRB360/ws_ros2_abb/build/abb_rapid_msgs': CMAKE_PREFIX_PATH=${CMAKE_PREFIX_PATH}:/opt/ros/lyrical DEBUGINFOD_URLS=https://debuginfod.ubuntu.com /usr/bin/cmake /home/mmazur/Prace/MecHaRo-Lab_IRB360/ws_ros2_abb/src/abb_ros2_msgs/abb_rapid_msgs -DCMAKE_INSTALL_PREFIX=/home/mmazur/Prace/MecHaRo-Lab_IRB360/ws_ros2_abb/install/abb_rapid_msgs
[0.043s] [0mCMake Deprecation Warning at CMakeLists.txt:1 (cmake_minimum_required):
[0.043s]   Compatibility with CMake < 3.10 will be removed from a future version of
[0.043s]   CMake.
[0.044s] 
[0.044s]   Update the VERSION argument <min> value.  Or, use the <min>...<max> syntax
[0.044s]   to tell CMake that the project requires at least <min> but has been updated
[0.044s]   to work with policies introduced by <max> or earlier.
[0.044s] 
[0.044s] [0m
[0.084s] -- The C compiler identification is GNU 15.2.0
[0.155s] -- The CXX compiler identification is GNU 15.2.0
[0.162s] -- Detecting C compiler ABI info
[0.217s] -- Detecting C compiler ABI info - done
[0.231s] -- Check for working C compiler: /usr/bin/cc - skipped
[0.231s] -- Detecting C compile features
[0.231s] -- Detecting C compile features - done
[0.242s] -- Detecting CXX compiler ABI info
[0.305s] -- Detecting CXX compiler ABI info - done
[0.320s] -- Check for working CXX compiler: /usr/bin/c++ - skipped
[0.320s] -- Detecting CXX compile features
[0.320s] -- Detecting CXX compile features - done
[0.329s] -- Found rosidl_default_generators: 1.8.1 (/opt/ros/lyrical/share/rosidl_default_generators/cmake)
[0.649s] -- Using all available rosidl_typesupport_c: rosidl_typesupport_fastrtps_c;rosidl_typesupport_introspection_c
[0.749s] -- Using all available rosidl_typesupport_cpp: rosidl_typesupport_fastrtps_cpp;rosidl_typesupport_introspection_cpp
[0.781s] -- Found rosidl_adapter: 5.2.1 (/opt/ros/lyrical/share/rosidl_adapter/cmake)
[0.884s] -- Found Python3: /usr/bin/python3 (found version "3.14.4") found components: Interpreter
[1.552s] -- Using all available rosidl_typesupport_c: rosidl_typesupport_fastrtps_c;rosidl_typesupport_introspection_c
[2.058s] -- Using all available rosidl_typesupport_cpp: rosidl_typesupport_fastrtps_cpp;rosidl_typesupport_introspection_cpp
[2.556s] -- Found Python3: /usr/bin/python3 (found version "3.14.4") found components: Interpreter Development NumPy Development.Module Development.Embed
[2.593s] -- Found Python3: /usr/bin/python3 (found version "3.14.4") found components: Interpreter
[2.599s] -- Configuring done (2.6s)
[2.629s] -- Generating done (0.0s)
[2.637s] -- Build files have been written to: /home/mmazur/Prace/MecHaRo-Lab_IRB360/ws_ros2_abb/build/abb_rapid_msgs
