[0.016s] Invoking command in '/home/mmazur/Prace/MecHaRo-Lab_IRB360/ws_ros2_abb/build/collision': CMAKE_PREFIX_PATH=${CMAKE_PREFIX_PATH}:/opt/ros/lyrical DEBUGINFOD_URLS=https://debuginfod.ubuntu.com /usr/bin/cmake /home/mmazur/Prace/MecHaRo-Lab_IRB360/ws_ros2_abb/src/collision -DCMAKE_INSTALL_PREFIX=/home/mmazur/Prace/MecHaRo-Lab_IRB360/ws_ros2_abb/install/collision
[0.025s] [0mCMake Deprecation Warning at CMakeLists.txt:1 (cmake_minimum_required):
[0.025s]   Compatibility with CMake < 3.10 will be removed from a future version of
[0.025s]   CMake.
[0.025s] 
[0.025s]   Update the VERSION argument <min> value.  Or, use the <min>...<max> syntax
[0.025s]   to tell CMake that the project requires at least <min> but has been updated
[0.025s]   to work with policies introduced by <max> or earlier.
[0.025s] 
[0.025s] [0m
[0.052s] -- The C compiler identification is GNU 15.2.0
[0.102s] -- The CXX compiler identification is GNU 15.2.0
[0.110s] -- Detecting C compiler ABI info
[0.182s] -- Detecting C compiler ABI info - done
[0.197s] -- Check for working C compiler: /usr/bin/cc - skipped
[0.197s] -- Detecting C compile features
[0.198s] -- Detecting C compile features - done
[0.207s] -- Detecting CXX compiler ABI info
[0.270s] -- Detecting CXX compiler ABI info - done
[0.284s] -- Check for working CXX compiler: /usr/bin/c++ - skipped
[0.284s] -- Detecting CXX compile features
[0.284s] -- Detecting CXX compile features - done
[0.294s] -- Found ament_cmake: 2.8.8 (/opt/ros/lyrical/share/ament_cmake/cmake)
[0.553s] -- Found moveit_ros_planning_interface: 2.15.2 (/opt/ros/lyrical/share/moveit_ros_planning_interface/cmake)
[0.605s] -- Performing Test CMAKE_HAVE_LIBC_PTHREAD
[0.679s] -- Performing Test CMAKE_HAVE_LIBC_PTHREAD - Success
[0.680s] -- Found Threads: TRUE
[0.741s] -- Found rosidl_generator_c: 5.2.1 (/opt/ros/lyrical/share/rosidl_generator_c/cmake)
[0.750s] -- Found rosidl_generator_cpp: 5.2.1 (/opt/ros/lyrical/share/rosidl_generator_cpp/cmake)
[0.763s] -- Using all available rosidl_typesupport_c: rosidl_typesupport_fastrtps_c;rosidl_typesupport_introspection_c
[0.774s] -- Using all available rosidl_typesupport_cpp: rosidl_typesupport_fastrtps_cpp;rosidl_typesupport_introspection_cpp
[1.023s] -- Found rclcpp: 32.0.3 (/opt/ros/lyrical/share/rclcpp/cmake)
[1.055s] -- Found rmw_implementation_cmake: 7.10.2 (/opt/ros/lyrical/share/rmw_implementation_cmake/cmake)
[1.058s] -- Found rmw_zenoh_cpp: 0.10.6 (/opt/ros/lyrical/share/rmw_zenoh_cpp/cmake)
[1.058s] -- Using RMW implementation 'rmw_zenoh_cpp' as default
[1.108s] -- Found tcb_span: 2.0.3 (/opt/ros/lyrical/share/tcb_span/cmake)
[1.113s] -- Found rclcpp_lifecycle: 32.0.3 (/opt/ros/lyrical/share/rclcpp_lifecycle/cmake)
[1.408s] -- Found moveit_visual_tools: 4.2.0 (/opt/ros/lyrical/share/moveit_visual_tools/cmake)
[1.499s] -- Performing Test HAVE_STDATOMIC
[1.610s] -- Performing Test HAVE_STDATOMIC - Success
[1.658s] -- Found OpenGL: /usr/lib/x86_64-linux-gnu/libOpenGL.so
[1.731s] -- Setting OGRE_DIR to: '/opt/ros/lyrical/share/rviz_ogre_vendor/cmake/../../../opt/rviz_ogre_vendor/lib/OGRE/cmake'
[1.732s] -- Found OGRE
[1.732s] --   static     : OFF
[1.732s] --   components : MeshLodGenerator;Overlay;Paging;Property;RTShaderSystem;Terrain;Volume
[1.732s] --   plugins    : Plugin_BSPSceneManager;Plugin_OctreeSceneManager;Plugin_PCZSceneManager;Plugin_ParticleFX;RenderSystem_GL;RenderSystem_GL3Plus;Codec_STBI
[1.732s] --   media      : /opt/ros/lyrical/opt/rviz_ogre_vendor/share/OGRE/Media
[1.733s] -- OGRE_LIBRARIES: OgreMeshLodGenerator;OgreOverlay;OgrePaging;OgreProperty;OgreRTShaderSystem;OgreTerrain;OgreVolume;OgreMain
[1.733s] -- OGRE_LIBRARY_DIRS: /opt/ros/lyrical/opt/rviz_ogre_vendor/lib
[1.733s] -- OGRE_PLUGINS: Plugin_BSPSceneManager;Plugin_OctreeSceneManager;Plugin_PCZSceneManager;Plugin_ParticleFX;RenderSystem_GL;RenderSystem_GL3Plus;Codec_STBI
[1.733s] -- OGRE_PLUGIN_DIR: /opt/ros/lyrical/opt/rviz_ogre_vendor/lib/OGRE
[1.733s] -- rviz_ogre_vendor::OgreOverlay for IMPORTED_LOCATION_RELEASE: /opt/ros/lyrical/opt/rviz_ogre_vendor/lib/libOgreOverlay.so
[1.733s] -- rviz_ogre_vendor::OgreOverlay for IMPORTED_LOCATION_DEBUG: /opt/ros/lyrical/opt/rviz_ogre_vendor/lib/libOgreOverlay.so
[1.734s] -- rviz_ogre_vendor::OgreMain for IMPORTED_LOCATION_RELEASE: /opt/ros/lyrical/opt/rviz_ogre_vendor/lib/libOgreMain.so
[1.734s] -- rviz_ogre_vendor::OgreMain for IMPORTED_LOCATION_DEBUG: /opt/ros/lyrical/opt/rviz_ogre_vendor/lib/libOgreMain.so
[1.766s] -- Found ZLIB: /usr/lib/x86_64-linux-gnu/libz.so (found version "1.3.1")
[1.925s] -- Found X11: /usr/include
[1.926s] -- Looking for XOpenDisplay in /usr/lib/x86_64-linux-gnu/libX11.so;/usr/lib/x86_64-linux-gnu/libXext.so
[2.008s] -- Looking for XOpenDisplay in /usr/lib/x86_64-linux-gnu/libX11.so;/usr/lib/x86_64-linux-gnu/libXext.so - found
[2.008s] -- Looking for gethostbyname
[2.133s] -- Looking for gethostbyname - found
[2.133s] -- Looking for connect
[2.200s] -- Looking for connect - found
[2.201s] -- Looking for remove
[2.319s] -- Looking for remove - found
[2.320s] -- Looking for shmat
[2.415s] -- Looking for shmat - found
[2.415s] -- Looking for IceConnectionNumber in ICE
[2.522s] -- Looking for IceConnectionNumber in ICE - found
[2.658s] [31mCMake Error at CMakeLists.txt:19 (ament_target_dependencies):
[2.658s]   Unknown CMake command "ament_target_dependencies".
[2.659s] 
[2.659s] [0m
[2.659s] -- Configuring incomplete, errors occurred!
