-- The CXX compiler identification is GNU 15.2.0
-- Detecting CXX compiler ABI info
-- Detecting CXX compiler ABI info - done
-- Check for working CXX compiler: /usr/bin/c++ - skipped
-- Detecting CXX compile features
-- Detecting CXX compile features - done
-- Found moveit_common: 2.15.2 (/opt/ros/lyrical/share/moveit_common/cmake)
-- Found ament_cmake: 2.8.8 (/opt/ros/lyrical/share/ament_cmake/cmake)
-- Found moveit_core: 2.15.2 (/opt/ros/lyrical/share/moveit_core/cmake)
-- Performing Test CMAKE_HAVE_LIBC_PTHREAD
-- Performing Test CMAKE_HAVE_LIBC_PTHREAD - Success
-- Found Threads: TRUE
-- Found rclcpp: 32.0.3 (/opt/ros/lyrical/share/rclcpp/cmake)
-- Found rosidl_generator_c: 5.2.1 (/opt/ros/lyrical/share/rosidl_generator_c/cmake)
-- Found rosidl_generator_cpp: 5.2.1 (/opt/ros/lyrical/share/rosidl_generator_cpp/cmake)
-- Using all available rosidl_typesupport_c: rosidl_typesupport_fastrtps_c;rosidl_typesupport_introspection_c
-- Using all available rosidl_typesupport_cpp: rosidl_typesupport_fastrtps_cpp;rosidl_typesupport_introspection_cpp
-- Found rmw_implementation_cmake: 7.10.2 (/opt/ros/lyrical/share/rmw_implementation_cmake/cmake)
-- Found rmw_zenoh_cpp: 0.10.6 (/opt/ros/lyrical/share/rmw_zenoh_cpp/cmake)
-- Using RMW implementation 'rmw_zenoh_cpp' as default
-- Found tcb_span: 2.0.3 (/opt/ros/lyrical/share/tcb_span/cmake)
-- Found rclcpp_lifecycle: 32.0.3 (/opt/ros/lyrical/share/rclcpp_lifecycle/cmake)
-- Found moveit_ros_planning: 2.15.2 (/opt/ros/lyrical/share/moveit_ros_planning/cmake)
-- Configuring incomplete, errors occurred!
