[0mCMake Deprecation Warning at CMakeLists.txt:1 (cmake_minimum_required):
  Compatibility with CMake < 3.10 will be removed from a future version of
  CMake.

  Update the VERSION argument <min> value.  Or, use the <min>...<max> syntax
  to tell CMake that the project requires at least <min> but has been updated
  to work with policies introduced by <max> or earlier.

[0m
[33mCMake Warning (dev) at CMakeLists.txt:23 (find_package):
  Policy CMP0167 is not set: The FindBoost module is removed.  Run "cmake
  --help-policy CMP0167" for policy details.  Use the cmake_policy command to
  set the policy and suppress this warning.

This warning is for project developers.  Use -Wno-dev to suppress it.
[0m
[31mCMake Error at /usr/lib/x86_64-linux-gnu/cmake/Boost-1.90.0/BoostConfig.cmake:141 (find_package):
  Could not find a package configuration file provided by "boost_system"
  (requested version 1.90.0) with any of the following names:

    boost_systemConfig.cmake
    boost_system-config.cmake

  Add the installation prefix of "boost_system" to CMAKE_PREFIX_PATH or set
  "boost_system_DIR" to a directory containing one of the above files.  If
  "boost_system" provides a separate development package or SDK, be sure it
  has been installed.
Call Stack (most recent call first):
  /usr/lib/x86_64-linux-gnu/cmake/Boost-1.90.0/BoostConfig.cmake:262 (boost_find_component)
  /usr/share/cmake-4.2/Modules/FindBoost.cmake:610 (find_package)
  CMakeLists.txt:23 (find_package)

[0m
